2026-02-16 11:13:26,500 pybnf.pybnf     INFO     MainProcess Running PyBNF v1.1.9
2026-02-16 11:13:26,500 pybnf.pybnf     INFO     MainProcess Loading configuration file: Arizona.conf
2026-02-16 11:13:26,593 pybnf.config    WARNING  MainProcess Ignoring unused key adaptive for fitting algorithm de
2026-02-16 11:13:26,593 pybnf.config    WARNING  MainProcess Ignoring unused key sample_every for fitting algorithm de
2026-02-16 11:13:26,593 pybnf.config    WARNING  MainProcess Ignoring unused key burn_in for fitting algorithm de
2026-02-16 11:13:26,593 pybnf.config    WARNING  MainProcess Ignoring unused key step_size for fitting algorithm de
2026-02-16 11:13:26,596 pybnf.config    INFO     MainProcess Checking to make sure bng_command is appropriately set
2026-02-16 11:13:26,750 pybnf.config    INFO     MainProcess Loaded variables
2026-02-16 11:13:30,577 pybnf.pybnf     INFO     MainProcess Output directory already exists... querying user for overwrite permission
2026-02-16 11:13:32,114 pybnf.pybnf     INFO     MainProcess Deleted old directory /Users/elymiller/Desktop/Current_Research/Misc-Python-Projects/spring_2026_flu_talk/results/Arizona/Simulations
2026-02-16 11:13:32,114 pybnf.pybnf     INFO     MainProcess Deleted old directory /Users/elymiller/Desktop/Current_Research/Misc-Python-Projects/spring_2026_flu_talk/results/Arizona/Results
2026-02-16 11:13:32,117 pybnf.pybnf     INFO     MainProcess Deleted old directory /Users/elymiller/Desktop/Current_Research/Misc-Python-Projects/spring_2026_flu_talk/results/Arizona/Initialize
2026-02-16 11:13:32,117 pybnf.pybnf     INFO     MainProcess Deleted old directory /Users/elymiller/Desktop/Current_Research/Misc-Python-Projects/spring_2026_flu_talk/results/Arizona/FailedSimLogs
2026-02-16 11:13:32,117 pybnf.pybnf     INFO     MainProcess Deleted old file /Users/elymiller/Desktop/Current_Research/Misc-Python-Projects/spring_2026_flu_talk/results/Arizona/alg_backup.bp
2026-02-16 11:13:32,314 pybnf.algorithms INFO     MainProcess Output for network generation of model 23 logged in /Users/elymiller/Desktop/Current_Research/Misc-Python-Projects/spring_2026_flu_talk/results/Arizona/Initialize/23_gen_net.log
2026-02-16 11:13:32,504 pybnf.algorithms INFO     MainProcess Output for network generation of model 24 logged in /Users/elymiller/Desktop/Current_Research/Misc-Python-Projects/spring_2026_flu_talk/results/Arizona/Initialize/24_gen_net.log
2026-02-16 11:13:32,699 pybnf.algorithms INFO     MainProcess Output for network generation of model 25 logged in /Users/elymiller/Desktop/Current_Research/Misc-Python-Projects/spring_2026_flu_talk/results/Arizona/Initialize/25_gen_net.log
2026-02-16 11:13:32,893 pybnf.algorithms INFO     MainProcess Output for network generation of model 21 logged in /Users/elymiller/Desktop/Current_Research/Misc-Python-Projects/spring_2026_flu_talk/results/Arizona/Initialize/21_gen_net.log
2026-02-16 11:13:33,082 pybnf.algorithms INFO     MainProcess Output for network generation of model 20 logged in /Users/elymiller/Desktop/Current_Research/Misc-Python-Projects/spring_2026_flu_talk/results/Arizona/Initialize/20_gen_net.log
2026-02-16 11:13:33,271 pybnf.algorithms INFO     MainProcess Output for network generation of model 22 logged in /Users/elymiller/Desktop/Current_Research/Misc-Python-Projects/spring_2026_flu_talk/results/Arizona/Initialize/22_gen_net.log
2026-02-16 11:13:33,464 pybnf.algorithms INFO     MainProcess Output for network generation of model 19 logged in /Users/elymiller/Desktop/Current_Research/Misc-Python-Projects/spring_2026_flu_talk/results/Arizona/Initialize/19_gen_net.log
2026-02-16 11:13:33,465 pybnf.cluster   INFO     MainProcess Initializing the Cluster
2026-02-16 11:13:33,465 pybnf.cluster   INFO     MainProcess Initializing dask Client with dask v2023.4.1, distributed v2023.4.1
2026-02-16 11:13:33,465 pybnf.cluster   INFO     MainProcess Creating a local client manually set to 1 workers
2026-02-16 11:13:35,087 pybnf.algorithms INFO     MainProcess Submitting initial set of 10 Jobs
2026-02-16 11:13:36,798 pybnf.algorithms INFO     MainProcess Adding Result gen0ind0 to Trajectory with score 32944.5029
2026-02-16 11:13:38,483 pybnf.algorithms INFO     MainProcess Adding Result gen0ind1 to Trajectory with score 38360.0086
2026-02-16 11:13:40,065 pybnf.algorithms INFO     MainProcess Adding Result gen0ind2 to Trajectory with score 10174.7027
2026-02-16 11:13:41,696 pybnf.algorithms INFO     MainProcess Adding Result gen0ind3 to Trajectory with score 16073.1916
2026-02-16 11:13:43,330 pybnf.algorithms INFO     MainProcess Adding Result gen0ind4 to Trajectory with score 34420.9571
2026-02-16 11:13:44,898 pybnf.algorithms INFO     MainProcess Adding Result gen0ind5 to Trajectory with score 11011.2474
2026-02-16 11:13:46,579 pybnf.algorithms INFO     MainProcess Adding Result gen0ind6 to Trajectory with score 39879.9763
2026-02-16 11:13:48,215 pybnf.algorithms INFO     MainProcess Adding Result gen0ind7 to Trajectory with score 5674.4891
2026-02-16 11:13:49,904 pybnf.algorithms INFO     MainProcess Adding Result gen0ind8 to Trajectory with score 49713.1518
2026-02-16 11:13:51,575 pybnf.algorithms INFO     MainProcess Adding Result gen0ind9 to Trajectory with score 33314.9474
2026-02-16 11:13:51,581 pybnf.algorithms INFO     MainProcess Saving a backup of the algorithm
2026-02-16 11:13:51,581 pybnf.algorithms INFO     MainProcess Outputting results to file /Users/elymiller/Desktop/Current_Research/Misc-Python-Projects/spring_2026_flu_talk/results/Arizona/Results/sorted_params_backup.txt
2026-02-16 11:13:53,288 pybnf.algorithms INFO     MainProcess Adding Result gen1ind0 to Trajectory with score 50637.2639
2026-02-16 11:13:55,045 pybnf.algorithms INFO     MainProcess Adding Result gen1ind1 to Trajectory with score 40080.7575
2026-02-16 11:13:56,753 pybnf.algorithms INFO     MainProcess Adding Result gen1ind2 to Trajectory with score 47238.6105
2026-02-16 11:13:58,438 pybnf.algorithms INFO     MainProcess Adding Result gen1ind3 to Trajectory with score 10018.5641
2026-02-16 11:14:00,118 pybnf.algorithms INFO     MainProcess Adding Result gen1ind4 to Trajectory with score 22247.5165
2026-02-16 11:14:01,804 pybnf.algorithms INFO     MainProcess Adding Result gen1ind5 to Trajectory with score 27987.7940
2026-02-16 11:14:03,480 pybnf.algorithms INFO     MainProcess Adding Result gen1ind6 to Trajectory with score 35079.7199
2026-02-16 11:14:05,219 pybnf.algorithms INFO     MainProcess Adding Result gen1ind7 to Trajectory with score 39912.7144
2026-02-16 11:14:06,857 pybnf.algorithms INFO     MainProcess Adding Result gen1ind8 to Trajectory with score 7836.9027
2026-02-16 11:14:08,530 pybnf.algorithms INFO     MainProcess Adding Result gen1ind9 to Trajectory with score 8519.3274
2026-02-16 11:14:08,536 pybnf.algorithms INFO     MainProcess Saving a backup of the algorithm
2026-02-16 11:14:08,536 pybnf.algorithms INFO     MainProcess Outputting results to file /Users/elymiller/Desktop/Current_Research/Misc-Python-Projects/spring_2026_flu_talk/results/Arizona/Results/sorted_params_backup.txt
2026-02-16 11:14:10,300 pybnf.algorithms INFO     MainProcess Adding Result gen2ind0 to Trajectory with score 13813.6439
2026-02-16 11:14:11,988 pybnf.algorithms INFO     MainProcess Adding Result gen2ind1 to Trajectory with score 10155.8299
2026-02-16 11:14:13,626 pybnf.algorithms INFO     MainProcess Adding Result gen2ind2 to Trajectory with score 32481.3064
2026-02-16 11:14:15,232 pybnf.algorithms INFO     MainProcess Adding Result gen2ind3 to Trajectory with score 8970.9332
2026-02-16 11:14:16,964 pybnf.algorithms INFO     MainProcess Adding Result gen2ind4 to Trajectory with score 15928.8654
2026-02-16 11:14:18,682 pybnf.algorithms INFO     MainProcess Adding Result gen2ind5 to Trajectory with score 7933.3470
2026-02-16 11:14:20,426 pybnf.algorithms INFO     MainProcess Adding Result gen2ind6 to Trajectory with score 11357.7604
2026-02-16 11:14:22,113 pybnf.algorithms INFO     MainProcess Adding Result gen2ind7 to Trajectory with score 8568.1750
2026-02-16 11:14:23,855 pybnf.algorithms INFO     MainProcess Adding Result gen2ind8 to Trajectory with score 40915.8116
2026-02-16 11:14:25,538 pybnf.algorithms INFO     MainProcess Adding Result gen2ind9 to Trajectory with score 34798.3642
2026-02-16 11:14:25,543 pybnf.algorithms INFO     MainProcess Saving a backup of the algorithm
2026-02-16 11:14:25,543 pybnf.algorithms INFO     MainProcess Outputting results to file /Users/elymiller/Desktop/Current_Research/Misc-Python-Projects/spring_2026_flu_talk/results/Arizona/Results/sorted_params_backup.txt
2026-02-16 11:14:27,307 pybnf.algorithms INFO     MainProcess Adding Result gen3ind0 to Trajectory with score 11273.2302
2026-02-16 11:14:28,950 pybnf.algorithms INFO     MainProcess Adding Result gen3ind1 to Trajectory with score 33914.0536
2026-02-16 11:14:30,629 pybnf.algorithms INFO     MainProcess Adding Result gen3ind2 to Trajectory with score 5619.9231
2026-02-16 11:14:32,362 pybnf.algorithms INFO     MainProcess Adding Result gen3ind3 to Trajectory with score 18092.5093
2026-02-16 11:14:34,120 pybnf.algorithms INFO     MainProcess Adding Result gen3ind4 to Trajectory with score 10252.6147
2026-02-16 11:14:35,798 pybnf.algorithms INFO     MainProcess Adding Result gen3ind5 to Trajectory with score 8269.4661
2026-02-16 11:14:37,560 pybnf.algorithms INFO     MainProcess Adding Result gen3ind6 to Trajectory with score 14184.2211
2026-02-16 11:14:39,253 pybnf.algorithms INFO     MainProcess Adding Result gen3ind7 to Trajectory with score 5674.4891
2026-02-16 11:14:40,979 pybnf.algorithms INFO     MainProcess Adding Result gen3ind8 to Trajectory with score 22428.4920
2026-02-16 11:14:42,650 pybnf.algorithms INFO     MainProcess Adding Result gen3ind9 to Trajectory with score 13560.9665
2026-02-16 11:14:42,654 pybnf.algorithms INFO     MainProcess Saving a backup of the algorithm
2026-02-16 11:14:42,654 pybnf.algorithms INFO     MainProcess Outputting results to file /Users/elymiller/Desktop/Current_Research/Misc-Python-Projects/spring_2026_flu_talk/results/Arizona/Results/sorted_params_backup.txt
2026-02-16 11:14:44,417 pybnf.algorithms INFO     MainProcess Adding Result gen4ind0 to Trajectory with score 16072.9957
2026-02-16 11:14:46,153 pybnf.algorithms INFO     MainProcess Adding Result gen4ind1 to Trajectory with score 4285.7002
2026-02-16 11:14:47,848 pybnf.algorithms INFO     MainProcess Adding Result gen4ind2 to Trajectory with score 9006.2832
2026-02-16 11:14:49,588 pybnf.algorithms INFO     MainProcess Adding Result gen4ind3 to Trajectory with score 9990.2601
2026-02-16 11:14:51,338 pybnf.algorithms INFO     MainProcess Adding Result gen4ind4 to Trajectory with score 8549.8125
2026-02-16 11:14:53,076 pybnf.algorithms INFO     MainProcess Adding Result gen4ind5 to Trajectory with score 6124.4314
2026-02-16 11:14:54,761 pybnf.algorithms INFO     MainProcess Adding Result gen4ind6 to Trajectory with score 5354.2325
2026-02-16 11:14:56,505 pybnf.algorithms INFO     MainProcess Adding Result gen4ind7 to Trajectory with score 7787.0804
2026-02-16 11:14:58,234 pybnf.algorithms INFO     MainProcess Adding Result gen4ind8 to Trajectory with score 8531.9738
2026-02-16 11:14:59,966 pybnf.algorithms INFO     MainProcess Adding Result gen4ind9 to Trajectory with score 14660.3566
2026-02-16 11:14:59,972 pybnf.algorithms INFO     MainProcess Saving a backup of the algorithm
2026-02-16 11:14:59,972 pybnf.algorithms INFO     MainProcess Outputting results to file /Users/elymiller/Desktop/Current_Research/Misc-Python-Projects/spring_2026_flu_talk/results/Arizona/Results/sorted_params_backup.txt
2026-02-16 11:15:01,784 pybnf.algorithms INFO     MainProcess Adding Result gen5ind0 to Trajectory with score 12425.3182
2026-02-16 11:15:03,480 pybnf.algorithms INFO     MainProcess Adding Result gen5ind1 to Trajectory with score 4813.9875
2026-02-16 11:15:05,168 pybnf.algorithms INFO     MainProcess Adding Result gen5ind2 to Trajectory with score 13206.4943
2026-02-16 11:15:06,900 pybnf.algorithms INFO     MainProcess Adding Result gen5ind3 to Trajectory with score 12991.3983
2026-02-16 11:15:08,644 pybnf.algorithms INFO     MainProcess Adding Result gen5ind4 to Trajectory with score 7099.1020
2026-02-16 11:15:10,329 pybnf.algorithms INFO     MainProcess Adding Result gen5ind5 to Trajectory with score 15362.9813
2026-02-16 11:15:12,083 pybnf.algorithms INFO     MainProcess Adding Result gen5ind6 to Trajectory with score 11466.5966
2026-02-16 11:15:13,753 pybnf.algorithms INFO     MainProcess Adding Result gen5ind7 to Trajectory with score 4114.3741
2026-02-16 11:15:15,503 pybnf.algorithms INFO     MainProcess Adding Result gen5ind8 to Trajectory with score 3598.0788
2026-02-16 11:15:17,124 pybnf.algorithms INFO     MainProcess Adding Result gen5ind9 to Trajectory with score 5339.3109
2026-02-16 11:15:17,129 pybnf.algorithms INFO     MainProcess Saving a backup of the algorithm
2026-02-16 11:15:17,129 pybnf.algorithms INFO     MainProcess Outputting results to file /Users/elymiller/Desktop/Current_Research/Misc-Python-Projects/spring_2026_flu_talk/results/Arizona/Results/sorted_params_backup.txt
2026-02-16 11:15:18,856 pybnf.algorithms INFO     MainProcess Adding Result gen6ind0 to Trajectory with score 4247.7013
2026-02-16 11:15:20,566 pybnf.algorithms INFO     MainProcess Adding Result gen6ind1 to Trajectory with score 5640.0051
2026-02-16 11:15:22,249 pybnf.algorithms INFO     MainProcess Adding Result gen6ind2 to Trajectory with score 5318.6899
2026-02-16 11:15:23,944 pybnf.algorithms INFO     MainProcess Adding Result gen6ind3 to Trajectory with score 6701.6484
2026-02-16 11:15:25,674 pybnf.algorithms INFO     MainProcess Adding Result gen6ind4 to Trajectory with score 5831.7878
2026-02-16 11:15:27,412 pybnf.algorithms INFO     MainProcess Adding Result gen6ind5 to Trajectory with score 7391.5989
2026-02-16 11:15:29,162 pybnf.algorithms INFO     MainProcess Adding Result gen6ind6 to Trajectory with score 4125.9753
2026-02-16 11:15:30,898 pybnf.algorithms INFO     MainProcess Adding Result gen6ind7 to Trajectory with score 3994.7840
2026-02-16 11:15:32,580 pybnf.algorithms INFO     MainProcess Adding Result gen6ind8 to Trajectory with score 8972.3238
2026-02-16 11:15:34,257 pybnf.algorithms INFO     MainProcess Adding Result gen6ind9 to Trajectory with score 4670.6689
2026-02-16 11:15:34,262 pybnf.algorithms INFO     MainProcess Saving a backup of the algorithm
2026-02-16 11:15:34,262 pybnf.algorithms INFO     MainProcess Outputting results to file /Users/elymiller/Desktop/Current_Research/Misc-Python-Projects/spring_2026_flu_talk/results/Arizona/Results/sorted_params_backup.txt
2026-02-16 11:15:35,953 pybnf.algorithms INFO     MainProcess Adding Result gen7ind0 to Trajectory with score 5875.7712
2026-02-16 11:15:37,689 pybnf.algorithms INFO     MainProcess Adding Result gen7ind1 to Trajectory with score 5051.5106
2026-02-16 11:15:39,416 pybnf.algorithms INFO     MainProcess Adding Result gen7ind2 to Trajectory with score 7123.4925
2026-02-16 11:15:41,176 pybnf.algorithms INFO     MainProcess Adding Result gen7ind3 to Trajectory with score 5827.9291
2026-02-16 11:15:42,924 pybnf.algorithms INFO     MainProcess Adding Result gen7ind4 to Trajectory with score 5469.7239
2026-02-16 11:15:44,680 pybnf.algorithms INFO     MainProcess Adding Result gen7ind5 to Trajectory with score 5219.7275
2026-02-16 11:15:46,437 pybnf.algorithms INFO     MainProcess Adding Result gen7ind6 to Trajectory with score 5015.9382
2026-02-16 11:15:48,133 pybnf.algorithms INFO     MainProcess Adding Result gen7ind7 to Trajectory with score 5809.9936
2026-02-16 11:15:49,869 pybnf.algorithms INFO     MainProcess Adding Result gen7ind8 to Trajectory with score 6045.3208
2026-02-16 11:15:51,594 pybnf.algorithms INFO     MainProcess Adding Result gen7ind9 to Trajectory with score 5182.3614
2026-02-16 11:15:51,598 pybnf.algorithms INFO     MainProcess Saving a backup of the algorithm
2026-02-16 11:15:51,599 pybnf.algorithms INFO     MainProcess Outputting results to file /Users/elymiller/Desktop/Current_Research/Misc-Python-Projects/spring_2026_flu_talk/results/Arizona/Results/sorted_params_backup.txt
2026-02-16 11:15:53,380 pybnf.algorithms INFO     MainProcess Adding Result gen8ind0 to Trajectory with score 6364.6128
2026-02-16 11:15:55,126 pybnf.algorithms INFO     MainProcess Adding Result gen8ind1 to Trajectory with score 5218.0200
2026-02-16 11:15:56,803 pybnf.algorithms INFO     MainProcess Adding Result gen8ind2 to Trajectory with score 3809.1054
2026-02-16 11:15:58,545 pybnf.algorithms INFO     MainProcess Adding Result gen8ind3 to Trajectory with score 5142.2555
2026-02-16 11:16:00,279 pybnf.algorithms INFO     MainProcess Adding Result gen8ind4 to Trajectory with score 3708.0602
2026-02-16 11:16:01,989 pybnf.algorithms INFO     MainProcess Adding Result gen8ind5 to Trajectory with score 4401.7280
2026-02-16 11:16:03,682 pybnf.algorithms INFO     MainProcess Adding Result gen8ind6 to Trajectory with score 4336.9764
2026-02-16 11:16:05,331 pybnf.algorithms INFO     MainProcess Adding Result gen8ind7 to Trajectory with score 6187.8873
2026-02-16 11:16:07,069 pybnf.algorithms INFO     MainProcess Adding Result gen8ind8 to Trajectory with score 4125.9753
2026-02-16 11:16:08,821 pybnf.algorithms INFO     MainProcess Adding Result gen8ind9 to Trajectory with score 5382.3656
2026-02-16 11:16:08,826 pybnf.algorithms INFO     MainProcess Saving a backup of the algorithm
2026-02-16 11:16:08,826 pybnf.algorithms INFO     MainProcess Outputting results to file /Users/elymiller/Desktop/Current_Research/Misc-Python-Projects/spring_2026_flu_talk/results/Arizona/Results/sorted_params_backup.txt
2026-02-16 11:16:10,596 pybnf.algorithms INFO     MainProcess Adding Result gen9ind0 to Trajectory with score 4401.7280
2026-02-16 11:16:12,277 pybnf.algorithms INFO     MainProcess Adding Result gen9ind1 to Trajectory with score 3994.7840
2026-02-16 11:16:14,031 pybnf.algorithms INFO     MainProcess Adding Result gen9ind2 to Trajectory with score 3884.5686
2026-02-16 11:16:15,773 pybnf.algorithms INFO     MainProcess Adding Result gen9ind3 to Trajectory with score 4155.0786
2026-02-16 11:16:17,491 pybnf.algorithms INFO     MainProcess Adding Result gen9ind4 to Trajectory with score 4167.8306
2026-02-16 11:16:19,227 pybnf.algorithms INFO     MainProcess Adding Result gen9ind5 to Trajectory with score 4769.8732
2026-02-16 11:16:20,910 pybnf.algorithms INFO     MainProcess Adding Result gen9ind6 to Trajectory with score 4401.6959
2026-02-16 11:16:22,983 pybnf.algorithms INFO     MainProcess Adding Result gen9ind7 to Trajectory with score 4929.3562
2026-02-16 11:16:24,739 pybnf.algorithms INFO     MainProcess Adding Result gen9ind8 to Trajectory with score 4541.3371
2026-02-16 11:16:26,464 pybnf.algorithms INFO     MainProcess Adding Result gen9ind9 to Trajectory with score 4432.6974
2026-02-16 11:16:26,469 pybnf.algorithms INFO     MainProcess Saving a backup of the algorithm
2026-02-16 11:16:26,469 pybnf.algorithms INFO     MainProcess Outputting results to file /Users/elymiller/Desktop/Current_Research/Misc-Python-Projects/spring_2026_flu_talk/results/Arizona/Results/sorted_params_backup.txt
2026-02-16 11:16:28,290 pybnf.algorithms INFO     MainProcess Adding Result gen10ind0 to Trajectory with score 3089.4041
2026-02-16 11:16:30,001 pybnf.algorithms INFO     MainProcess Adding Result gen10ind1 to Trajectory with score 3724.1439
2026-02-16 11:16:31,747 pybnf.algorithms INFO     MainProcess Adding Result gen10ind2 to Trajectory with score 3994.7840
2026-02-16 11:16:33,492 pybnf.algorithms INFO     MainProcess Adding Result gen10ind3 to Trajectory with score 4774.9966
2026-02-16 11:16:35,260 pybnf.algorithms INFO     MainProcess Adding Result gen10ind4 to Trajectory with score 3546.3382
2026-02-16 11:16:37,007 pybnf.algorithms INFO     MainProcess Adding Result gen10ind5 to Trajectory with score 4164.7330
2026-02-16 11:16:38,747 pybnf.algorithms INFO     MainProcess Adding Result gen10ind6 to Trajectory with score 3809.1054
2026-02-16 11:16:40,550 pybnf.algorithms INFO     MainProcess Adding Result gen10ind7 to Trajectory with score 4432.6974
2026-02-16 11:16:42,359 pybnf.algorithms INFO     MainProcess Adding Result gen10ind8 to Trajectory with score 4756.3025
2026-02-16 11:16:44,096 pybnf.algorithms INFO     MainProcess Adding Result gen10ind9 to Trajectory with score 3672.1117
2026-02-16 11:16:44,101 pybnf.algorithms INFO     MainProcess Saving a backup of the algorithm
2026-02-16 11:16:44,102 pybnf.algorithms INFO     MainProcess Outputting results to file /Users/elymiller/Desktop/Current_Research/Misc-Python-Projects/spring_2026_flu_talk/results/Arizona/Results/sorted_params_backup.txt
2026-02-16 11:16:45,900 pybnf.algorithms INFO     MainProcess Adding Result gen11ind0 to Trajectory with score 4233.6188
2026-02-16 11:16:47,645 pybnf.algorithms INFO     MainProcess Adding Result gen11ind1 to Trajectory with score 3488.5266
2026-02-16 11:16:49,376 pybnf.algorithms INFO     MainProcess Adding Result gen11ind2 to Trajectory with score 4666.8743
2026-02-16 11:16:51,119 pybnf.algorithms INFO     MainProcess Adding Result gen11ind3 to Trajectory with score 3760.0341
2026-02-16 11:16:52,870 pybnf.algorithms INFO     MainProcess Adding Result gen11ind4 to Trajectory with score 3520.7703
2026-02-16 11:16:54,616 pybnf.algorithms INFO     MainProcess Adding Result gen11ind5 to Trajectory with score 3437.3861
2026-02-16 11:16:56,375 pybnf.algorithms INFO     MainProcess Adding Result gen11ind6 to Trajectory with score 4578.1050
2026-02-16 11:16:58,135 pybnf.algorithms INFO     MainProcess Adding Result gen11ind7 to Trajectory with score 6319.7544
2026-02-16 11:17:00,240 pybnf.algorithms INFO     MainProcess Adding Result gen11ind8 to Trajectory with score 3464.2333
2026-02-16 11:17:01,956 pybnf.algorithms INFO     MainProcess Adding Result gen11ind9 to Trajectory with score 4790.8301
2026-02-16 11:17:01,962 pybnf.algorithms INFO     MainProcess Saving a backup of the algorithm
2026-02-16 11:17:01,962 pybnf.algorithms INFO     MainProcess Outputting results to file /Users/elymiller/Desktop/Current_Research/Misc-Python-Projects/spring_2026_flu_talk/results/Arizona/Results/sorted_params_backup.txt
2026-02-16 11:17:03,769 pybnf.algorithms INFO     MainProcess Adding Result gen12ind0 to Trajectory with score 3441.4314
2026-02-16 11:17:05,498 pybnf.algorithms INFO     MainProcess Adding Result gen12ind1 to Trajectory with score 4518.3094
2026-02-16 11:17:07,393 pybnf.algorithms INFO     MainProcess Adding Result gen12ind2 to Trajectory with score 4341.5200
2026-02-16 11:17:09,113 pybnf.algorithms INFO     MainProcess Adding Result gen12ind3 to Trajectory with score 4490.0512
2026-02-16 11:17:10,843 pybnf.algorithms INFO     MainProcess Adding Result gen12ind4 to Trajectory with score 3958.4312
2026-02-16 11:17:12,625 pybnf.algorithms INFO     MainProcess Adding Result gen12ind5 to Trajectory with score 3533.9438
2026-02-16 11:17:14,355 pybnf.algorithms INFO     MainProcess Adding Result gen12ind6 to Trajectory with score 4249.5710
2026-02-16 11:17:16,122 pybnf.algorithms INFO     MainProcess Adding Result gen12ind7 to Trajectory with score 4708.2515
2026-02-16 11:17:17,858 pybnf.algorithms INFO     MainProcess Adding Result gen12ind8 to Trajectory with score 4037.0349
2026-02-16 11:17:19,588 pybnf.algorithms INFO     MainProcess Adding Result gen12ind9 to Trajectory with score 3885.7076
2026-02-16 11:17:19,594 pybnf.algorithms INFO     MainProcess Saving a backup of the algorithm
2026-02-16 11:17:19,594 pybnf.algorithms INFO     MainProcess Outputting results to file /Users/elymiller/Desktop/Current_Research/Misc-Python-Projects/spring_2026_flu_talk/results/Arizona/Results/sorted_params_backup.txt
2026-02-16 11:17:21,357 pybnf.algorithms INFO     MainProcess Adding Result gen13ind0 to Trajectory with score 3186.1854
2026-02-16 11:17:23,091 pybnf.algorithms INFO     MainProcess Adding Result gen13ind1 to Trajectory with score 4150.1489
2026-02-16 11:17:24,826 pybnf.algorithms INFO     MainProcess Adding Result gen13ind2 to Trajectory with score 3110.5000
2026-02-16 11:17:26,737 pybnf.algorithms INFO     MainProcess Adding Result gen13ind3 to Trajectory with score 4076.7067
2026-02-16 11:17:28,508 pybnf.algorithms INFO     MainProcess Adding Result gen13ind4 to Trajectory with score 3205.7491
2026-02-16 11:17:30,234 pybnf.algorithms INFO     MainProcess Adding Result gen13ind5 to Trajectory with score 3437.3861
2026-02-16 11:17:31,955 pybnf.algorithms INFO     MainProcess Adding Result gen13ind6 to Trajectory with score 3666.6738
2026-02-16 11:17:33,682 pybnf.algorithms INFO     MainProcess Adding Result gen13ind7 to Trajectory with score 3383.2259
2026-02-16 11:17:35,421 pybnf.algorithms INFO     MainProcess Adding Result gen13ind8 to Trajectory with score 3490.7783
2026-02-16 11:17:37,139 pybnf.algorithms INFO     MainProcess Adding Result gen13ind9 to Trajectory with score 3554.8022
2026-02-16 11:17:37,146 pybnf.algorithms INFO     MainProcess Saving a backup of the algorithm
2026-02-16 11:17:37,146 pybnf.algorithms INFO     MainProcess Outputting results to file /Users/elymiller/Desktop/Current_Research/Misc-Python-Projects/spring_2026_flu_talk/results/Arizona/Results/sorted_params_backup.txt
2026-02-16 11:17:38,892 pybnf.algorithms INFO     MainProcess Adding Result gen14ind0 to Trajectory with score 3448.7264
2026-02-16 11:17:40,612 pybnf.algorithms INFO     MainProcess Adding Result gen14ind1 to Trajectory with score 3243.1269
2026-02-16 11:17:42,315 pybnf.algorithms INFO     MainProcess Adding Result gen14ind2 to Trajectory with score 4560.0203
2026-02-16 11:17:44,038 pybnf.algorithms INFO     MainProcess Adding Result gen14ind3 to Trajectory with score 3280.1046
2026-02-16 11:17:45,759 pybnf.algorithms INFO     MainProcess Adding Result gen14ind4 to Trajectory with score 3294.5936
2026-02-16 11:17:47,500 pybnf.algorithms INFO     MainProcess Adding Result gen14ind5 to Trajectory with score 4008.2242
2026-02-16 11:17:49,224 pybnf.algorithms INFO     MainProcess Adding Result gen14ind6 to Trajectory with score 3545.6915
2026-02-16 11:17:50,958 pybnf.algorithms INFO     MainProcess Adding Result gen14ind7 to Trajectory with score 4164.2272
2026-02-16 11:17:52,696 pybnf.algorithms INFO     MainProcess Adding Result gen14ind8 to Trajectory with score 3076.2920
2026-02-16 11:17:54,420 pybnf.algorithms INFO     MainProcess Adding Result gen14ind9 to Trajectory with score 3328.8644
2026-02-16 11:17:54,425 pybnf.algorithms INFO     MainProcess Saving a backup of the algorithm
2026-02-16 11:17:54,425 pybnf.algorithms INFO     MainProcess Outputting results to file /Users/elymiller/Desktop/Current_Research/Misc-Python-Projects/spring_2026_flu_talk/results/Arizona/Results/sorted_params_backup.txt
2026-02-16 11:17:56,171 pybnf.algorithms INFO     MainProcess Adding Result gen15ind0 to Trajectory with score 3792.9102
2026-02-16 11:17:57,901 pybnf.algorithms INFO     MainProcess Adding Result gen15ind1 to Trajectory with score 3430.4449
2026-02-16 11:17:59,620 pybnf.algorithms INFO     MainProcess Adding Result gen15ind2 to Trajectory with score 2893.8522
2026-02-16 11:18:01,345 pybnf.algorithms INFO     MainProcess Adding Result gen15ind3 to Trajectory with score 3280.4069
2026-02-16 11:18:03,066 pybnf.algorithms INFO     MainProcess Adding Result gen15ind4 to Trajectory with score 3559.4396
2026-02-16 11:18:04,794 pybnf.algorithms INFO     MainProcess Adding Result gen15ind5 to Trajectory with score 3270.5518
2026-02-16 11:18:06,522 pybnf.algorithms INFO     MainProcess Adding Result gen15ind6 to Trajectory with score 4595.4951
2026-02-16 11:18:08,238 pybnf.algorithms INFO     MainProcess Adding Result gen15ind7 to Trajectory with score 4361.1937
2026-02-16 11:18:09,941 pybnf.algorithms INFO     MainProcess Adding Result gen15ind8 to Trajectory with score 3272.1912
2026-02-16 11:18:11,652 pybnf.algorithms INFO     MainProcess Adding Result gen15ind9 to Trajectory with score 3037.3183
2026-02-16 11:18:11,658 pybnf.algorithms INFO     MainProcess Saving a backup of the algorithm
2026-02-16 11:18:11,658 pybnf.algorithms INFO     MainProcess Outputting results to file /Users/elymiller/Desktop/Current_Research/Misc-Python-Projects/spring_2026_flu_talk/results/Arizona/Results/sorted_params_backup.txt
2026-02-16 11:18:13,406 pybnf.algorithms INFO     MainProcess Adding Result gen16ind0 to Trajectory with score 3428.0301
2026-02-16 11:18:15,127 pybnf.algorithms INFO     MainProcess Adding Result gen16ind1 to Trajectory with score 3648.4036
2026-02-16 11:18:16,866 pybnf.algorithms INFO     MainProcess Adding Result gen16ind2 to Trajectory with score 2924.8025
2026-02-16 11:18:18,590 pybnf.algorithms INFO     MainProcess Adding Result gen16ind3 to Trajectory with score 3910.3600
2026-02-16 11:18:20,258 pybnf.algorithms INFO     MainProcess Adding Result gen16ind4 to Trajectory with score 3156.2496
2026-02-16 11:18:21,981 pybnf.algorithms INFO     MainProcess Adding Result gen16ind5 to Trajectory with score 3048.4113
2026-02-16 11:18:23,714 pybnf.algorithms INFO     MainProcess Adding Result gen16ind6 to Trajectory with score 2975.8573
2026-02-16 11:18:25,446 pybnf.algorithms INFO     MainProcess Adding Result gen16ind7 to Trajectory with score 3939.3264
2026-02-16 11:18:27,170 pybnf.algorithms INFO     MainProcess Adding Result gen16ind8 to Trajectory with score 3287.5059
2026-02-16 11:18:28,868 pybnf.algorithms INFO     MainProcess Adding Result gen16ind9 to Trajectory with score 3639.6905
2026-02-16 11:18:28,874 pybnf.algorithms INFO     MainProcess Saving a backup of the algorithm
2026-02-16 11:18:28,874 pybnf.algorithms INFO     MainProcess Outputting results to file /Users/elymiller/Desktop/Current_Research/Misc-Python-Projects/spring_2026_flu_talk/results/Arizona/Results/sorted_params_backup.txt
2026-02-16 11:18:30,631 pybnf.algorithms INFO     MainProcess Adding Result gen17ind0 to Trajectory with score 2989.8016
2026-02-16 11:18:32,362 pybnf.algorithms INFO     MainProcess Adding Result gen17ind1 to Trajectory with score 3295.6258
2026-02-16 11:18:34,080 pybnf.algorithms INFO     MainProcess Adding Result gen17ind2 to Trajectory with score 2874.1141
2026-02-16 11:18:35,805 pybnf.algorithms INFO     MainProcess Adding Result gen17ind3 to Trajectory with score 2900.0430
2026-02-16 11:18:37,524 pybnf.algorithms INFO     MainProcess Adding Result gen17ind4 to Trajectory with score 3159.2597
2026-02-16 11:18:39,235 pybnf.algorithms INFO     MainProcess Adding Result gen17ind5 to Trajectory with score 3114.0420
2026-02-16 11:18:40,967 pybnf.algorithms INFO     MainProcess Adding Result gen17ind6 to Trajectory with score 3341.8266
2026-02-16 11:18:42,685 pybnf.algorithms INFO     MainProcess Adding Result gen17ind7 to Trajectory with score 3101.3645
2026-02-16 11:18:44,415 pybnf.algorithms INFO     MainProcess Adding Result gen17ind8 to Trajectory with score 3362.6050
2026-02-16 11:18:46,137 pybnf.algorithms INFO     MainProcess Adding Result gen17ind9 to Trajectory with score 3245.2551
2026-02-16 11:18:46,142 pybnf.algorithms INFO     MainProcess Saving a backup of the algorithm
2026-02-16 11:18:46,142 pybnf.algorithms INFO     MainProcess Outputting results to file /Users/elymiller/Desktop/Current_Research/Misc-Python-Projects/spring_2026_flu_talk/results/Arizona/Results/sorted_params_backup.txt
2026-02-16 11:18:47,887 pybnf.algorithms INFO     MainProcess Adding Result gen18ind0 to Trajectory with score 3169.4170
2026-02-16 11:18:49,595 pybnf.algorithms INFO     MainProcess Adding Result gen18ind1 to Trajectory with score 3045.1587
2026-02-16 11:18:51,325 pybnf.algorithms INFO     MainProcess Adding Result gen18ind2 to Trajectory with score 2872.7590
2026-02-16 11:18:53,061 pybnf.algorithms INFO     MainProcess Adding Result gen18ind3 to Trajectory with score 3104.5875
2026-02-16 11:18:54,781 pybnf.algorithms INFO     MainProcess Adding Result gen18ind4 to Trajectory with score 2987.9893
2026-02-16 11:18:56,510 pybnf.algorithms INFO     MainProcess Adding Result gen18ind5 to Trajectory with score 3377.6937
2026-02-16 11:18:58,230 pybnf.algorithms INFO     MainProcess Adding Result gen18ind6 to Trajectory with score 3945.8588
2026-02-16 11:18:59,935 pybnf.algorithms INFO     MainProcess Adding Result gen18ind7 to Trajectory with score 2879.2543
2026-02-16 11:19:01,615 pybnf.algorithms INFO     MainProcess Adding Result gen18ind8 to Trajectory with score 3406.0545
2026-02-16 11:19:03,328 pybnf.algorithms INFO     MainProcess Adding Result gen18ind9 to Trajectory with score 3270.8702
2026-02-16 11:19:03,334 pybnf.algorithms INFO     MainProcess Saving a backup of the algorithm
2026-02-16 11:19:03,334 pybnf.algorithms INFO     MainProcess Outputting results to file /Users/elymiller/Desktop/Current_Research/Misc-Python-Projects/spring_2026_flu_talk/results/Arizona/Results/sorted_params_backup.txt
2026-02-16 11:19:05,077 pybnf.algorithms INFO     MainProcess Adding Result gen19ind0 to Trajectory with score 3195.0829
2026-02-16 11:19:06,753 pybnf.algorithms INFO     MainProcess Adding Result gen19ind1 to Trajectory with score 3522.3948
2026-02-16 11:19:08,480 pybnf.algorithms INFO     MainProcess Adding Result gen19ind2 to Trajectory with score 3064.1138
2026-02-16 11:19:10,200 pybnf.algorithms INFO     MainProcess Adding Result gen19ind3 to Trajectory with score 2819.9177
2026-02-16 11:19:11,917 pybnf.algorithms INFO     MainProcess Adding Result gen19ind4 to Trajectory with score 2995.8721
2026-02-16 11:19:13,656 pybnf.algorithms INFO     MainProcess Adding Result gen19ind5 to Trajectory with score 2911.3684
2026-02-16 11:19:15,390 pybnf.algorithms INFO     MainProcess Adding Result gen19ind6 to Trajectory with score 3104.6529
2026-02-16 11:19:17,143 pybnf.algorithms INFO     MainProcess Adding Result gen19ind7 to Trajectory with score 4313.9577
2026-02-16 11:19:18,856 pybnf.algorithms INFO     MainProcess Adding Result gen19ind8 to Trajectory with score 3290.0325
2026-02-16 11:19:20,570 pybnf.algorithms INFO     MainProcess Adding Result gen19ind9 to Trajectory with score 2997.2725
2026-02-16 11:19:20,570 pybnf.algorithms INFO     MainProcess Outputting results to file /Users/elymiller/Desktop/Current_Research/Misc-Python-Projects/spring_2026_flu_talk/results/Arizona/Results/sorted_params_0.txt
2026-02-16 11:19:20,572 pybnf.algorithms INFO     MainProcess Island 0 completed 20 iterations
2026-02-16 11:19:20,577 pybnf.algorithms INFO     MainProcess Saving a backup of the algorithm
2026-02-16 11:19:20,577 pybnf.algorithms INFO     MainProcess Outputting results to file /Users/elymiller/Desktop/Current_Research/Misc-Python-Projects/spring_2026_flu_talk/results/Arizona/Results/sorted_params_backup.txt
2026-02-16 11:19:22,329 pybnf.algorithms INFO     MainProcess Adding Result gen20ind0 to Trajectory with score 2674.2018
2026-02-16 11:19:24,013 pybnf.algorithms INFO     MainProcess Adding Result gen20ind1 to Trajectory with score 3411.5963
2026-02-16 11:19:25,815 pybnf.algorithms INFO     MainProcess Adding Result gen20ind2 to Trajectory with score 2533.5511
2026-02-16 11:19:27,533 pybnf.algorithms INFO     MainProcess Adding Result gen20ind3 to Trajectory with score 2854.9358
2026-02-16 11:19:29,264 pybnf.algorithms INFO     MainProcess Adding Result gen20ind4 to Trajectory with score 2995.4438
2026-02-16 11:19:31,247 pybnf.algorithms INFO     MainProcess Adding Result gen20ind5 to Trajectory with score 2701.3482
2026-02-16 11:19:33,065 pybnf.algorithms INFO     MainProcess Adding Result gen20ind6 to Trajectory with score 2973.3615
2026-02-16 11:19:34,775 pybnf.algorithms INFO     MainProcess Adding Result gen20ind7 to Trajectory with score 3018.0882
2026-02-16 11:19:36,489 pybnf.algorithms INFO     MainProcess Adding Result gen20ind8 to Trajectory with score 2815.9571
2026-02-16 11:19:38,214 pybnf.algorithms INFO     MainProcess Adding Result gen20ind9 to Trajectory with score 2917.8649
2026-02-16 11:19:38,220 pybnf.algorithms INFO     MainProcess Saving a backup of the algorithm
2026-02-16 11:19:38,220 pybnf.algorithms INFO     MainProcess Outputting results to file /Users/elymiller/Desktop/Current_Research/Misc-Python-Projects/spring_2026_flu_talk/results/Arizona/Results/sorted_params_backup.txt
2026-02-16 11:19:39,959 pybnf.algorithms INFO     MainProcess Adding Result gen21ind0 to Trajectory with score 2693.0568
2026-02-16 11:19:41,677 pybnf.algorithms INFO     MainProcess Adding Result gen21ind1 to Trajectory with score 2478.5994
2026-02-16 11:19:43,410 pybnf.algorithms INFO     MainProcess Adding Result gen21ind2 to Trajectory with score 2772.6371
2026-02-16 11:19:45,153 pybnf.algorithms INFO     MainProcess Adding Result gen21ind3 to Trajectory with score 2978.2457
2026-02-16 11:19:46,896 pybnf.algorithms INFO     MainProcess Adding Result gen21ind4 to Trajectory with score 2739.2156
2026-02-16 11:19:48,612 pybnf.algorithms INFO     MainProcess Adding Result gen21ind5 to Trajectory with score 2705.0655
2026-02-16 11:19:50,321 pybnf.algorithms INFO     MainProcess Adding Result gen21ind6 to Trajectory with score 3074.6475
2026-02-16 11:19:52,067 pybnf.algorithms INFO     MainProcess Adding Result gen21ind7 to Trajectory with score 2822.2609
2026-02-16 11:19:53,783 pybnf.algorithms INFO     MainProcess Adding Result gen21ind8 to Trajectory with score 3102.4068
2026-02-16 11:19:55,504 pybnf.algorithms INFO     MainProcess Adding Result gen21ind9 to Trajectory with score 2508.4058
2026-02-16 11:19:55,510 pybnf.algorithms INFO     MainProcess Saving a backup of the algorithm
2026-02-16 11:19:55,510 pybnf.algorithms INFO     MainProcess Outputting results to file /Users/elymiller/Desktop/Current_Research/Misc-Python-Projects/spring_2026_flu_talk/results/Arizona/Results/sorted_params_backup.txt
2026-02-16 11:19:57,276 pybnf.algorithms INFO     MainProcess Adding Result gen22ind0 to Trajectory with score 2743.6403
2026-02-16 11:19:58,996 pybnf.algorithms INFO     MainProcess Adding Result gen22ind1 to Trajectory with score 2600.5427
2026-02-16 11:20:00,715 pybnf.algorithms INFO     MainProcess Adding Result gen22ind2 to Trajectory with score 2495.9933
2026-02-16 11:20:02,448 pybnf.algorithms INFO     MainProcess Adding Result gen22ind3 to Trajectory with score 2606.3258
2026-02-16 11:20:04,187 pybnf.algorithms INFO     MainProcess Adding Result gen22ind4 to Trajectory with score 2702.2547
2026-02-16 11:20:05,917 pybnf.algorithms INFO     MainProcess Adding Result gen22ind5 to Trajectory with score 2783.9702
2026-02-16 11:20:07,640 pybnf.algorithms INFO     MainProcess Adding Result gen22ind6 to Trajectory with score 3140.3451
2026-02-16 11:20:09,357 pybnf.algorithms INFO     MainProcess Adding Result gen22ind7 to Trajectory with score 2970.2399
2026-02-16 11:20:11,093 pybnf.algorithms INFO     MainProcess Adding Result gen22ind8 to Trajectory with score 2715.4397
2026-02-16 11:20:12,824 pybnf.algorithms INFO     MainProcess Adding Result gen22ind9 to Trajectory with score 2972.4239
2026-02-16 11:20:12,829 pybnf.algorithms INFO     MainProcess Saving a backup of the algorithm
2026-02-16 11:20:12,829 pybnf.algorithms INFO     MainProcess Outputting results to file /Users/elymiller/Desktop/Current_Research/Misc-Python-Projects/spring_2026_flu_talk/results/Arizona/Results/sorted_params_backup.txt
2026-02-16 11:20:14,577 pybnf.algorithms INFO     MainProcess Adding Result gen23ind0 to Trajectory with score 2676.9851
2026-02-16 11:20:16,271 pybnf.algorithms INFO     MainProcess Adding Result gen23ind1 to Trajectory with score 2665.9835
2026-02-16 11:20:17,997 pybnf.algorithms INFO     MainProcess Adding Result gen23ind2 to Trajectory with score 3083.7425
2026-02-16 11:20:19,725 pybnf.algorithms INFO     MainProcess Adding Result gen23ind3 to Trajectory with score 3220.7289
2026-02-16 11:20:21,447 pybnf.algorithms INFO     MainProcess Adding Result gen23ind4 to Trajectory with score 2743.8371
2026-02-16 11:20:23,185 pybnf.algorithms INFO     MainProcess Adding Result gen23ind5 to Trajectory with score 2651.4943
2026-02-16 11:20:24,970 pybnf.algorithms INFO     MainProcess Adding Result gen23ind6 to Trajectory with score 2717.0293
2026-02-16 11:20:26,722 pybnf.algorithms INFO     MainProcess Adding Result gen23ind7 to Trajectory with score 2553.3493
2026-02-16 11:20:28,481 pybnf.algorithms INFO     MainProcess Adding Result gen23ind8 to Trajectory with score 2657.0941
2026-02-16 11:20:30,210 pybnf.algorithms INFO     MainProcess Adding Result gen23ind9 to Trajectory with score 2598.7644
2026-02-16 11:20:30,216 pybnf.algorithms INFO     MainProcess Saving a backup of the algorithm
2026-02-16 11:20:30,216 pybnf.algorithms INFO     MainProcess Outputting results to file /Users/elymiller/Desktop/Current_Research/Misc-Python-Projects/spring_2026_flu_talk/results/Arizona/Results/sorted_params_backup.txt
2026-02-16 11:20:31,991 pybnf.algorithms INFO     MainProcess Adding Result gen24ind0 to Trajectory with score 2714.8779
2026-02-16 11:20:33,729 pybnf.algorithms INFO     MainProcess Adding Result gen24ind1 to Trajectory with score 2552.5948
2026-02-16 11:20:35,497 pybnf.algorithms INFO     MainProcess Adding Result gen24ind2 to Trajectory with score 2655.4754
2026-02-16 11:20:37,240 pybnf.algorithms INFO     MainProcess Adding Result gen24ind3 to Trajectory with score 2623.4442
2026-02-16 11:20:38,966 pybnf.algorithms INFO     MainProcess Adding Result gen24ind4 to Trajectory with score 2650.3558
2026-02-16 11:20:40,717 pybnf.algorithms INFO     MainProcess Adding Result gen24ind5 to Trajectory with score 2641.2951
2026-02-16 11:20:42,471 pybnf.algorithms INFO     MainProcess Adding Result gen24ind6 to Trajectory with score 2507.2256
2026-02-16 11:20:44,221 pybnf.algorithms INFO     MainProcess Adding Result gen24ind7 to Trajectory with score 2606.3258
2026-02-16 11:20:46,004 pybnf.algorithms INFO     MainProcess Adding Result gen24ind8 to Trajectory with score 2705.5606
2026-02-16 11:20:47,754 pybnf.algorithms INFO     MainProcess Adding Result gen24ind9 to Trajectory with score 2563.3761
2026-02-16 11:20:47,759 pybnf.algorithms INFO     MainProcess Saving a backup of the algorithm
2026-02-16 11:20:47,759 pybnf.algorithms INFO     MainProcess Outputting results to file /Users/elymiller/Desktop/Current_Research/Misc-Python-Projects/spring_2026_flu_talk/results/Arizona/Results/sorted_params_backup.txt
2026-02-16 11:20:49,537 pybnf.algorithms INFO     MainProcess Adding Result gen25ind0 to Trajectory with score 2500.9438
2026-02-16 11:20:51,267 pybnf.algorithms INFO     MainProcess Adding Result gen25ind1 to Trajectory with score 2492.1604
2026-02-16 11:20:52,991 pybnf.algorithms INFO     MainProcess Adding Result gen25ind2 to Trajectory with score 2538.6491
2026-02-16 11:20:54,733 pybnf.algorithms INFO     MainProcess Adding Result gen25ind3 to Trajectory with score 2794.1850
2026-02-16 11:20:56,482 pybnf.algorithms INFO     MainProcess Adding Result gen25ind4 to Trajectory with score 2376.3555
2026-02-16 11:20:58,216 pybnf.algorithms INFO     MainProcess Adding Result gen25ind5 to Trajectory with score 2538.9616
2026-02-16 11:20:59,946 pybnf.algorithms INFO     MainProcess Adding Result gen25ind6 to Trajectory with score 2674.9341
2026-02-16 11:21:01,682 pybnf.algorithms INFO     MainProcess Adding Result gen25ind7 to Trajectory with score 2696.2994
2026-02-16 11:21:03,412 pybnf.algorithms INFO     MainProcess Adding Result gen25ind8 to Trajectory with score 2563.4137
2026-02-16 11:21:05,147 pybnf.algorithms INFO     MainProcess Adding Result gen25ind9 to Trajectory with score 2635.3642
2026-02-16 11:21:05,152 pybnf.algorithms INFO     MainProcess Saving a backup of the algorithm
2026-02-16 11:21:05,152 pybnf.algorithms INFO     MainProcess Outputting results to file /Users/elymiller/Desktop/Current_Research/Misc-Python-Projects/spring_2026_flu_talk/results/Arizona/Results/sorted_params_backup.txt
2026-02-16 11:21:06,927 pybnf.algorithms INFO     MainProcess Adding Result gen26ind0 to Trajectory with score 2508.2745
2026-02-16 11:21:08,690 pybnf.algorithms INFO     MainProcess Adding Result gen26ind1 to Trajectory with score 2511.8751
2026-02-16 11:21:10,437 pybnf.algorithms INFO     MainProcess Adding Result gen26ind2 to Trajectory with score 2499.6410
2026-02-16 11:21:12,188 pybnf.algorithms INFO     MainProcess Adding Result gen26ind3 to Trajectory with score 2451.3935
2026-02-16 11:21:13,920 pybnf.algorithms INFO     MainProcess Adding Result gen26ind4 to Trajectory with score 2461.6994
2026-02-16 11:21:15,663 pybnf.algorithms INFO     MainProcess Adding Result gen26ind5 to Trajectory with score 2408.8616
2026-02-16 11:21:17,412 pybnf.algorithms INFO     MainProcess Adding Result gen26ind6 to Trajectory with score 2577.0395
2026-02-16 11:21:19,162 pybnf.algorithms INFO     MainProcess Adding Result gen26ind7 to Trajectory with score 2500.6090
2026-02-16 11:21:20,890 pybnf.algorithms INFO     MainProcess Adding Result gen26ind8 to Trajectory with score 2585.0184
2026-02-16 11:21:22,622 pybnf.algorithms INFO     MainProcess Adding Result gen26ind9 to Trajectory with score 2563.4137
2026-02-16 11:21:22,627 pybnf.algorithms INFO     MainProcess Saving a backup of the algorithm
2026-02-16 11:21:22,627 pybnf.algorithms INFO     MainProcess Outputting results to file /Users/elymiller/Desktop/Current_Research/Misc-Python-Projects/spring_2026_flu_talk/results/Arizona/Results/sorted_params_backup.txt
2026-02-16 11:21:24,386 pybnf.algorithms INFO     MainProcess Adding Result gen27ind0 to Trajectory with score 2374.0536
2026-02-16 11:21:26,140 pybnf.algorithms INFO     MainProcess Adding Result gen27ind1 to Trajectory with score 2499.5376
2026-02-16 11:21:27,897 pybnf.algorithms INFO     MainProcess Adding Result gen27ind2 to Trajectory with score 2468.5903
2026-02-16 11:21:29,637 pybnf.algorithms INFO     MainProcess Adding Result gen27ind3 to Trajectory with score 2386.2560
2026-02-16 11:21:31,381 pybnf.algorithms INFO     MainProcess Adding Result gen27ind4 to Trajectory with score 2409.5964
2026-02-16 11:21:33,120 pybnf.algorithms INFO     MainProcess Adding Result gen27ind5 to Trajectory with score 2485.4618
2026-02-16 11:21:34,831 pybnf.algorithms INFO     MainProcess Adding Result gen27ind6 to Trajectory with score 2363.0249
2026-02-16 11:21:36,583 pybnf.algorithms INFO     MainProcess Adding Result gen27ind7 to Trajectory with score 2456.8151
2026-02-16 11:21:38,327 pybnf.algorithms INFO     MainProcess Adding Result gen27ind8 to Trajectory with score 2510.9406
2026-02-16 11:21:40,059 pybnf.algorithms INFO     MainProcess Adding Result gen27ind9 to Trajectory with score 2360.2805
2026-02-16 11:21:40,064 pybnf.algorithms INFO     MainProcess Saving a backup of the algorithm
2026-02-16 11:21:40,064 pybnf.algorithms INFO     MainProcess Outputting results to file /Users/elymiller/Desktop/Current_Research/Misc-Python-Projects/spring_2026_flu_talk/results/Arizona/Results/sorted_params_backup.txt
2026-02-16 11:21:41,840 pybnf.algorithms INFO     MainProcess Adding Result gen28ind0 to Trajectory with score 2401.5956
2026-02-16 11:21:43,620 pybnf.algorithms INFO     MainProcess Adding Result gen28ind1 to Trajectory with score 2510.6990
2026-02-16 11:21:45,359 pybnf.algorithms INFO     MainProcess Adding Result gen28ind2 to Trajectory with score 2447.7624
2026-02-16 11:21:47,104 pybnf.algorithms INFO     MainProcess Adding Result gen28ind3 to Trajectory with score 2457.9840
2026-02-16 11:21:48,839 pybnf.algorithms INFO     MainProcess Adding Result gen28ind4 to Trajectory with score 2307.3004
2026-02-16 11:21:50,568 pybnf.algorithms INFO     MainProcess Adding Result gen28ind5 to Trajectory with score 2469.4559
2026-02-16 11:21:52,312 pybnf.algorithms INFO     MainProcess Adding Result gen28ind6 to Trajectory with score 2377.9794
2026-02-16 11:21:54,067 pybnf.algorithms INFO     MainProcess Adding Result gen28ind7 to Trajectory with score 2344.6255
2026-02-16 11:21:55,813 pybnf.algorithms INFO     MainProcess Adding Result gen28ind8 to Trajectory with score 2364.2080
2026-02-16 11:21:57,589 pybnf.algorithms INFO     MainProcess Adding Result gen28ind9 to Trajectory with score 2451.6634
2026-02-16 11:21:57,594 pybnf.algorithms INFO     MainProcess Saving a backup of the algorithm
2026-02-16 11:21:57,594 pybnf.algorithms INFO     MainProcess Outputting results to file /Users/elymiller/Desktop/Current_Research/Misc-Python-Projects/spring_2026_flu_talk/results/Arizona/Results/sorted_params_backup.txt
2026-02-16 11:21:59,353 pybnf.algorithms INFO     MainProcess Adding Result gen29ind0 to Trajectory with score 2358.4458
2026-02-16 11:22:01,107 pybnf.algorithms INFO     MainProcess Adding Result gen29ind1 to Trajectory with score 2324.7301
2026-02-16 11:22:02,854 pybnf.algorithms INFO     MainProcess Adding Result gen29ind2 to Trajectory with score 2353.4194
2026-02-16 11:22:04,595 pybnf.algorithms INFO     MainProcess Adding Result gen29ind3 to Trajectory with score 2370.1427
2026-02-16 11:22:06,354 pybnf.algorithms INFO     MainProcess Adding Result gen29ind4 to Trajectory with score 2360.5097
2026-02-16 11:22:08,083 pybnf.algorithms INFO     MainProcess Adding Result gen29ind5 to Trajectory with score 2469.0891
2026-02-16 11:22:09,826 pybnf.algorithms INFO     MainProcess Adding Result gen29ind6 to Trajectory with score 2454.6688
2026-02-16 11:22:11,571 pybnf.algorithms INFO     MainProcess Adding Result gen29ind7 to Trajectory with score 2374.4442
2026-02-16 11:22:13,307 pybnf.algorithms INFO     MainProcess Adding Result gen29ind8 to Trajectory with score 2404.4967
2026-02-16 11:22:15,046 pybnf.algorithms INFO     MainProcess Adding Result gen29ind9 to Trajectory with score 2385.7334
2026-02-16 11:22:15,051 pybnf.algorithms INFO     MainProcess Saving a backup of the algorithm
2026-02-16 11:22:15,051 pybnf.algorithms INFO     MainProcess Outputting results to file /Users/elymiller/Desktop/Current_Research/Misc-Python-Projects/spring_2026_flu_talk/results/Arizona/Results/sorted_params_backup.txt
2026-02-16 11:22:16,823 pybnf.algorithms INFO     MainProcess Adding Result gen30ind0 to Trajectory with score 2331.6149
2026-02-16 11:22:18,507 pybnf.algorithms INFO     MainProcess Adding Result gen30ind1 to Trajectory with score 2336.1345
2026-02-16 11:22:20,235 pybnf.algorithms INFO     MainProcess Adding Result gen30ind2 to Trajectory with score 2270.0384
2026-02-16 11:22:21,985 pybnf.algorithms INFO     MainProcess Adding Result gen30ind3 to Trajectory with score 2339.9932
2026-02-16 11:22:23,720 pybnf.algorithms INFO     MainProcess Adding Result gen30ind4 to Trajectory with score 2298.5668
2026-02-16 11:22:25,463 pybnf.algorithms INFO     MainProcess Adding Result gen30ind5 to Trajectory with score 2336.8329
2026-02-16 11:22:27,202 pybnf.algorithms INFO     MainProcess Adding Result gen30ind6 to Trajectory with score 2395.4399
2026-02-16 11:22:28,946 pybnf.algorithms INFO     MainProcess Adding Result gen30ind7 to Trajectory with score 2352.6362
2026-02-16 11:22:30,689 pybnf.algorithms INFO     MainProcess Adding Result gen30ind8 to Trajectory with score 2356.9823
2026-02-16 11:22:32,428 pybnf.algorithms INFO     MainProcess Adding Result gen30ind9 to Trajectory with score 2364.2080
2026-02-16 11:22:32,433 pybnf.algorithms INFO     MainProcess Saving a backup of the algorithm
2026-02-16 11:22:32,433 pybnf.algorithms INFO     MainProcess Outputting results to file /Users/elymiller/Desktop/Current_Research/Misc-Python-Projects/spring_2026_flu_talk/results/Arizona/Results/sorted_params_backup.txt
2026-02-16 11:22:34,195 pybnf.algorithms INFO     MainProcess Adding Result gen31ind0 to Trajectory with score 2270.0384
2026-02-16 11:22:35,941 pybnf.algorithms INFO     MainProcess Adding Result gen31ind1 to Trajectory with score 2352.7414
