2026-02-16 11:11:47,602 pybnf.pybnf     INFO     MainProcess Running PyBNF v1.1.9
2026-02-16 11:11:47,602 pybnf.pybnf     INFO     MainProcess Loading configuration file: Arizona.conf
2026-02-16 11:11:47,715 pybnf.config    WARNING  MainProcess Ignoring unused key sample_every for fitting algorithm de
2026-02-16 11:11:47,715 pybnf.config    WARNING  MainProcess Ignoring unused key step_size for fitting algorithm de
2026-02-16 11:11:47,716 pybnf.config    WARNING  MainProcess Ignoring unused key burn_in for fitting algorithm de
2026-02-16 11:11:47,716 pybnf.config    WARNING  MainProcess Ignoring unused key adaptive for fitting algorithm de
2026-02-16 11:11:47,720 pybnf.config    INFO     MainProcess Checking to make sure bng_command is appropriately set
2026-02-16 11:11:47,902 pybnf.config    INFO     MainProcess Loaded variables
2026-02-16 11:11:48,094 pybnf.algorithms INFO     MainProcess Output for network generation of model 27 logged in /Users/elymiller/Desktop/Current_Research/Misc-Python-Projects/spring_2026_flu_talk/results/Arizona/Initialize/27_gen_net.log
2026-02-16 11:11:48,288 pybnf.algorithms INFO     MainProcess Output for network generation of model 24 logged in /Users/elymiller/Desktop/Current_Research/Misc-Python-Projects/spring_2026_flu_talk/results/Arizona/Initialize/24_gen_net.log
2026-02-16 11:11:48,479 pybnf.algorithms INFO     MainProcess Output for network generation of model 19 logged in /Users/elymiller/Desktop/Current_Research/Misc-Python-Projects/spring_2026_flu_talk/results/Arizona/Initialize/19_gen_net.log
2026-02-16 11:11:48,668 pybnf.algorithms INFO     MainProcess Output for network generation of model 22 logged in /Users/elymiller/Desktop/Current_Research/Misc-Python-Projects/spring_2026_flu_talk/results/Arizona/Initialize/22_gen_net.log
2026-02-16 11:11:48,862 pybnf.algorithms INFO     MainProcess Output for network generation of model 31 logged in /Users/elymiller/Desktop/Current_Research/Misc-Python-Projects/spring_2026_flu_talk/results/Arizona/Initialize/31_gen_net.log
2026-02-16 11:11:49,055 pybnf.algorithms INFO     MainProcess Output for network generation of model 23 logged in /Users/elymiller/Desktop/Current_Research/Misc-Python-Projects/spring_2026_flu_talk/results/Arizona/Initialize/23_gen_net.log
2026-02-16 11:11:49,245 pybnf.algorithms INFO     MainProcess Output for network generation of model 21 logged in /Users/elymiller/Desktop/Current_Research/Misc-Python-Projects/spring_2026_flu_talk/results/Arizona/Initialize/21_gen_net.log
2026-02-16 11:11:49,434 pybnf.algorithms INFO     MainProcess Output for network generation of model 30 logged in /Users/elymiller/Desktop/Current_Research/Misc-Python-Projects/spring_2026_flu_talk/results/Arizona/Initialize/30_gen_net.log
2026-02-16 11:11:49,627 pybnf.algorithms INFO     MainProcess Output for network generation of model 25 logged in /Users/elymiller/Desktop/Current_Research/Misc-Python-Projects/spring_2026_flu_talk/results/Arizona/Initialize/25_gen_net.log
2026-02-16 11:11:49,819 pybnf.algorithms INFO     MainProcess Output for network generation of model 32 logged in /Users/elymiller/Desktop/Current_Research/Misc-Python-Projects/spring_2026_flu_talk/results/Arizona/Initialize/32_gen_net.log
2026-02-16 11:11:50,010 pybnf.algorithms INFO     MainProcess Output for network generation of model 28 logged in /Users/elymiller/Desktop/Current_Research/Misc-Python-Projects/spring_2026_flu_talk/results/Arizona/Initialize/28_gen_net.log
2026-02-16 11:11:50,203 pybnf.algorithms INFO     MainProcess Output for network generation of model 29 logged in /Users/elymiller/Desktop/Current_Research/Misc-Python-Projects/spring_2026_flu_talk/results/Arizona/Initialize/29_gen_net.log
2026-02-16 11:11:50,396 pybnf.algorithms INFO     MainProcess Output for network generation of model 26 logged in /Users/elymiller/Desktop/Current_Research/Misc-Python-Projects/spring_2026_flu_talk/results/Arizona/Initialize/26_gen_net.log
2026-02-16 11:11:50,588 pybnf.algorithms INFO     MainProcess Output for network generation of model 20 logged in /Users/elymiller/Desktop/Current_Research/Misc-Python-Projects/spring_2026_flu_talk/results/Arizona/Initialize/20_gen_net.log
2026-02-16 11:11:50,589 pybnf.cluster   INFO     MainProcess Initializing the Cluster
2026-02-16 11:11:50,589 pybnf.cluster   INFO     MainProcess Initializing dask Client with dask v2023.4.1, distributed v2023.4.1
2026-02-16 11:11:50,590 pybnf.cluster   INFO     MainProcess Creating a local client manually set to 1 workers
2026-02-16 11:11:52,600 pybnf.algorithms INFO     MainProcess Submitting initial set of 10 Jobs
2026-02-16 11:11:56,409 pybnf.algorithms INFO     MainProcess Adding Result gen0ind0 to Trajectory with score 119536.6411
2026-02-16 11:11:59,513 pybnf.algorithms INFO     MainProcess Adding Result gen0ind1 to Trajectory with score 176972.1101
2026-02-16 11:12:02,658 pybnf.algorithms INFO     MainProcess Adding Result gen0ind2 to Trajectory with score 39166.4868
2026-02-16 11:12:05,917 pybnf.algorithms INFO     MainProcess Adding Result gen0ind3 to Trajectory with score 134567.0612
2026-02-16 11:12:09,062 pybnf.algorithms INFO     MainProcess Adding Result gen0ind4 to Trajectory with score 34877.7737
2026-02-16 11:12:12,291 pybnf.algorithms INFO     MainProcess Adding Result gen0ind5 to Trajectory with score 165791.0258
2026-02-16 11:12:15,598 pybnf.algorithms INFO     MainProcess Adding Result gen0ind6 to Trajectory with score 83749.9885
2026-02-16 11:12:18,831 pybnf.algorithms INFO     MainProcess Adding Result gen0ind7 to Trajectory with score 78510.9845
2026-02-16 11:12:22,083 pybnf.algorithms INFO     MainProcess Adding Result gen0ind8 to Trajectory with score 50705.1114
2026-02-16 11:12:25,318 pybnf.algorithms INFO     MainProcess Adding Result gen0ind9 to Trajectory with score 42905.8071
2026-02-16 11:12:25,324 pybnf.algorithms INFO     MainProcess Saving a backup of the algorithm
2026-02-16 11:12:25,324 pybnf.algorithms INFO     MainProcess Outputting results to file /Users/elymiller/Desktop/Current_Research/Misc-Python-Projects/spring_2026_flu_talk/results/Arizona/Results/sorted_params_backup.txt
2026-02-16 11:12:28,734 pybnf.algorithms INFO     MainProcess Adding Result gen1ind0 to Trajectory with score 219066.5149
2026-02-16 11:12:32,000 pybnf.algorithms INFO     MainProcess Adding Result gen1ind1 to Trajectory with score 143438.1485
2026-02-16 11:12:35,345 pybnf.algorithms INFO     MainProcess Adding Result gen1ind2 to Trajectory with score 50034.1420
2026-02-16 11:12:38,733 pybnf.algorithms INFO     MainProcess Adding Result gen1ind3 to Trajectory with score 87070.3321
2026-02-16 11:12:42,134 pybnf.algorithms INFO     MainProcess Adding Result gen1ind4 to Trajectory with score 86525.2827
2026-02-16 11:12:45,600 pybnf.algorithms INFO     MainProcess Adding Result gen1ind5 to Trajectory with score 70029.8394
2026-02-16 11:12:49,035 pybnf.algorithms INFO     MainProcess Adding Result gen1ind6 to Trajectory with score 65969.4164
2026-02-16 11:12:52,388 pybnf.algorithms INFO     MainProcess Adding Result gen1ind7 to Trajectory with score 123733.3308
2026-02-16 11:12:55,776 pybnf.algorithms INFO     MainProcess Adding Result gen1ind8 to Trajectory with score 42915.3362
2026-02-16 11:12:59,177 pybnf.algorithms INFO     MainProcess Adding Result gen1ind9 to Trajectory with score 57387.6867
2026-02-16 11:12:59,182 pybnf.algorithms INFO     MainProcess Saving a backup of the algorithm
2026-02-16 11:12:59,182 pybnf.algorithms INFO     MainProcess Outputting results to file /Users/elymiller/Desktop/Current_Research/Misc-Python-Projects/spring_2026_flu_talk/results/Arizona/Results/sorted_params_backup.txt
2026-02-16 11:13:02,545 pybnf.algorithms INFO     MainProcess Adding Result gen2ind0 to Trajectory with score 30779.1065
